Traceback (most recent call last):
  File "/Library/Frameworks/Python.framework/Versions/3.13/lib/python3.13/site-packages/urllib3/connection.py", line 204, in _new_conn
    sock = connection.create_connection(
        (self._dns_host, self.port),
    ...<2 lines>...
        socket_options=self.socket_options,
    )
  File "/Library/Frameworks/Python.framework/Versions/3.13/lib/python3.13/site-packages/urllib3/util/connection.py", line 60, in create_connection
    for res in socket.getaddrinfo(host, port, family, socket.SOCK_STREAM):
               ~~~~~~~~~~~~~~~~~~^^^^^^^^^^^^^^^^^^^^^^^^^^^^^^^^^^^^^^^^
  File "/Library/Frameworks/Python.framework/Versions/3.13/lib/python3.13/socket.py", line 975, in getaddrinfo
    for res in _socket.getaddrinfo(host, port, family, type, proto, flags):
               ~~~~~~~~~~~~~~~~~~~^^^^^^^^^^^^^^^^^^^^^^^^^^^^^^^^^^^^^^^^
socket.gaierror: [Errno 8] nodename nor servname provided, or not known

The above exception was the direct cause of the following exception:

Traceback (most recent call last):
  File "/Library/Frameworks/Python.framework/Versions/3.13/lib/python3.13/site-packages/urllib3/connectionpool.py", line 788, in urlopen
    response = self._make_request(
        conn,
    ...<10 lines>...
        **response_kw,
    )
  File "/Library/Frameworks/Python.framework/Versions/3.13/lib/python3.13/site-packages/urllib3/connectionpool.py", line 493, in _make_request
    conn.request(
    ~~~~~~~~~~~~^
        method,
        ^^^^^^^
    ...<6 lines>...
        enforce_content_length=enforce_content_length,
        ^^^^^^^^^^^^^^^^^^^^^^^^^^^^^^^^^^^^^^^^^^^^^^
    )
    ^
  File "/Library/Frameworks/Python.framework/Versions/3.13/lib/python3.13/site-packages/urllib3/connection.py", line 500, in request
    self.endheaders()
    ~~~~~~~~~~~~~~~^^
  File "/Library/Frameworks/Python.framework/Versions/3.13/lib/python3.13/http/client.py", line 1331, in endheaders
    self._send_output(message_body, encode_chunked=encode_chunked)
    ~~~~~~~~~~~~~~~~~^^^^^^^^^^^^^^^^^^^^^^^^^^^^^^^^^^^^^^^^^^^^^
  File "/Library/Frameworks/Python.framework/Versions/3.13/lib/python3.13/http/client.py", line 1091, in _send_output
    self.send(msg)
    ~~~~~~~~~^^^^^
  File "/Library/Frameworks/Python.framework/Versions/3.13/lib/python3.13/http/client.py", line 1035, in send
    self.connect()
    ~~~~~~~~~~~~^^
  File "/Library/Frameworks/Python.framework/Versions/3.13/lib/python3.13/site-packages/urllib3/connection.py", line 331, in connect
    self.sock = self._new_conn()
                ~~~~~~~~~~~~~~^^
  File "/Library/Frameworks/Python.framework/Versions/3.13/lib/python3.13/site-packages/urllib3/connection.py", line 211, in _new_conn
    raise NameResolutionError(self.host, self, e) from e
urllib3.exceptions.NameResolutionError: HTTPConnection(host='api-iams-us.jd.com', port=80): Failed to resolve 'api-iams-us.jd.com' ([Errno 8] nodename nor servname provided, or not known)

The above exception was the direct cause of the following exception:

Traceback (most recent call last):
  File "/Library/Frameworks/Python.framework/Versions/3.13/lib/python3.13/site-packages/requests/adapters.py", line 696, in send
    resp = conn.urlopen(
        method=request.method,
    ...<9 lines>...
        chunked=chunked,
    )
  File "/Library/Frameworks/Python.framework/Versions/3.13/lib/python3.13/site-packages/urllib3/connectionpool.py", line 842, in urlopen
    retries = retries.increment(
        method, url, error=new_e, _pool=self, _stacktrace=sys.exc_info()[2]
    )
  File "/Library/Frameworks/Python.framework/Versions/3.13/lib/python3.13/site-packages/urllib3/util/retry.py", line 543, in increment
    raise MaxRetryError(_pool, url, reason) from reason  # type: ignore[arg-type]
    ^^^^^^^^^^^^^^^^^^^^^^^^^^^^^^^^^^^^^^^^^^^^^^^^^^^
urllib3.exceptions.MaxRetryError: HTTPConnectionPool(host='api-iams-us.jd.com', port=80): Max retries exceeded with url: /kqAttDailySummaryCheck/findPage?oidc.code=sfaVhaUz2Nne7Cf9E2m3qZRmNZuXzNDjyYs_mgewKMA&oidc.state=hHanIzEfsXpojLsO7VFZkKEC8jiEK0ya0uJCXgff4vI (Caused by NameResolutionError("HTTPConnection(host='api-iams-us.jd.com', port=80): Failed to resolve 'api-iams-us.jd.com' ([Errno 8] nodename nor servname provided, or not known)"))

During handling of the above exception, another exception occurred:

Traceback (most recent call last):
  File "/Users/xinyi/Abnormal Attendance Project/refresh.py", line 19, in <module>
    new_df = get_attendance_data(
        start_date=t2,
        end_date=t1
    )
  File "/Users/xinyi/Abnormal Attendance Project/Scraping.py", line 116, in get_attendance_data
    r = requests.post(
        url,
    ...<4 lines>...
        allow_redirects=False
    )
  File "/Library/Frameworks/Python.framework/Versions/3.13/lib/python3.13/site-packages/requests/api.py", line 134, in post
    return request("post", url, data=data, json=json, **kwargs)
  File "/Library/Frameworks/Python.framework/Versions/3.13/lib/python3.13/site-packages/requests/api.py", line 71, in request
    return session.request(method=method, url=url, **kwargs)
           ~~~~~~~~~~~~~~~^^^^^^^^^^^^^^^^^^^^^^^^^^^^^^^^^^
  File "/Library/Frameworks/Python.framework/Versions/3.13/lib/python3.13/site-packages/requests/sessions.py", line 651, in request
    resp = self.send(prep, **send_kwargs)
  File "/Library/Frameworks/Python.framework/Versions/3.13/lib/python3.13/site-packages/requests/sessions.py", line 784, in send
    r = adapter.send(request, **kwargs)
  File "/Library/Frameworks/Python.framework/Versions/3.13/lib/python3.13/site-packages/requests/adapters.py", line 729, in send
    raise ConnectionError(e, request=request)
requests.exceptions.ConnectionError: HTTPConnectionPool(host='api-iams-us.jd.com', port=80): Max retries exceeded with url: /kqAttDailySummaryCheck/findPage?oidc.code=sfaVhaUz2Nne7Cf9E2m3qZRmNZuXzNDjyYs_mgewKMA&oidc.state=hHanIzEfsXpojLsO7VFZkKEC8jiEK0ya0uJCXgff4vI (Caused by NameResolutionError("HTTPConnection(host='api-iams-us.jd.com', port=80): Failed to resolve 'api-iams-us.jd.com' ([Errno 8] nodename nor servname provided, or not known)"))
Traceback (most recent call last):
  File "/Library/Frameworks/Python.framework/Versions/3.13/lib/python3.13/site-packages/urllib3/connection.py", line 204, in _new_conn
    sock = connection.create_connection(
        (self._dns_host, self.port),
    ...<2 lines>...
        socket_options=self.socket_options,
    )
  File "/Library/Frameworks/Python.framework/Versions/3.13/lib/python3.13/site-packages/urllib3/util/connection.py", line 85, in create_connection
    raise err
  File "/Library/Frameworks/Python.framework/Versions/3.13/lib/python3.13/site-packages/urllib3/util/connection.py", line 73, in create_connection
    sock.connect(sa)
    ~~~~~~~~~~~~^^^^
TimeoutError: timed out

The above exception was the direct cause of the following exception:

Traceback (most recent call last):
  File "/Library/Frameworks/Python.framework/Versions/3.13/lib/python3.13/site-packages/urllib3/connectionpool.py", line 788, in urlopen
    response = self._make_request(
        conn,
    ...<10 lines>...
        **response_kw,
    )
  File "/Library/Frameworks/Python.framework/Versions/3.13/lib/python3.13/site-packages/urllib3/connectionpool.py", line 493, in _make_request
    conn.request(
    ~~~~~~~~~~~~^
        method,
        ^^^^^^^
    ...<6 lines>...
        enforce_content_length=enforce_content_length,
        ^^^^^^^^^^^^^^^^^^^^^^^^^^^^^^^^^^^^^^^^^^^^^^
    )
    ^
  File "/Library/Frameworks/Python.framework/Versions/3.13/lib/python3.13/site-packages/urllib3/connection.py", line 500, in request
    self.endheaders()
    ~~~~~~~~~~~~~~~^^
  File "/Library/Frameworks/Python.framework/Versions/3.13/lib/python3.13/http/client.py", line 1331, in endheaders
    self._send_output(message_body, encode_chunked=encode_chunked)
    ~~~~~~~~~~~~~~~~~^^^^^^^^^^^^^^^^^^^^^^^^^^^^^^^^^^^^^^^^^^^^^
  File "/Library/Frameworks/Python.framework/Versions/3.13/lib/python3.13/http/client.py", line 1091, in _send_output
    self.send(msg)
    ~~~~~~~~~^^^^^
  File "/Library/Frameworks/Python.framework/Versions/3.13/lib/python3.13/http/client.py", line 1035, in send
    self.connect()
    ~~~~~~~~~~~~^^
  File "/Library/Frameworks/Python.framework/Versions/3.13/lib/python3.13/site-packages/urllib3/connection.py", line 331, in connect
    self.sock = self._new_conn()
                ~~~~~~~~~~~~~~^^
  File "/Library/Frameworks/Python.framework/Versions/3.13/lib/python3.13/site-packages/urllib3/connection.py", line 213, in _new_conn
    raise ConnectTimeoutError(
    ...<2 lines>...
    ) from e
urllib3.exceptions.ConnectTimeoutError: (<HTTPConnection(host='api-iams-us.jd.com', port=80) at 0x126780c20>, 'Connection to api-iams-us.jd.com timed out. (connect timeout=30)')

The above exception was the direct cause of the following exception:

Traceback (most recent call last):
  File "/Library/Frameworks/Python.framework/Versions/3.13/lib/python3.13/site-packages/requests/adapters.py", line 696, in send
    resp = conn.urlopen(
        method=request.method,
    ...<9 lines>...
        chunked=chunked,
    )
  File "/Library/Frameworks/Python.framework/Versions/3.13/lib/python3.13/site-packages/urllib3/connectionpool.py", line 842, in urlopen
    retries = retries.increment(
        method, url, error=new_e, _pool=self, _stacktrace=sys.exc_info()[2]
    )
  File "/Library/Frameworks/Python.framework/Versions/3.13/lib/python3.13/site-packages/urllib3/util/retry.py", line 543, in increment
    raise MaxRetryError(_pool, url, reason) from reason  # type: ignore[arg-type]
    ^^^^^^^^^^^^^^^^^^^^^^^^^^^^^^^^^^^^^^^^^^^^^^^^^^^
urllib3.exceptions.MaxRetryError: HTTPConnectionPool(host='api-iams-us.jd.com', port=80): Max retries exceeded with url: /kqAttDailySummaryCheck/findPage?oidc.code=sfaVhaUz2Nne7Cf9E2m3qZRmNZuXzNDjyYs_mgewKMA&oidc.state=hHanIzEfsXpojLsO7VFZkKEC8jiEK0ya0uJCXgff4vI (Caused by ConnectTimeoutError(<HTTPConnection(host='api-iams-us.jd.com', port=80) at 0x126780c20>, 'Connection to api-iams-us.jd.com timed out. (connect timeout=30)'))

During handling of the above exception, another exception occurred:

Traceback (most recent call last):
  File "/Users/xinyi/Abnormal Attendance Project/refresh.py", line 89, in <module>
    new_df = get_attendance_data(
        start_date=start_date,
        end_date=end_date
    )
  File "/Users/xinyi/Abnormal Attendance Project/Scraping.py", line 116, in get_attendance_data
    r = requests.post(
        url,
    ...<4 lines>...
        allow_redirects=False
    )
  File "/Library/Frameworks/Python.framework/Versions/3.13/lib/python3.13/site-packages/requests/api.py", line 134, in post
    return request("post", url, data=data, json=json, **kwargs)
  File "/Library/Frameworks/Python.framework/Versions/3.13/lib/python3.13/site-packages/requests/api.py", line 71, in request
    return session.request(method=method, url=url, **kwargs)
           ~~~~~~~~~~~~~~~^^^^^^^^^^^^^^^^^^^^^^^^^^^^^^^^^^
  File "/Library/Frameworks/Python.framework/Versions/3.13/lib/python3.13/site-packages/requests/sessions.py", line 651, in request
    resp = self.send(prep, **send_kwargs)
  File "/Library/Frameworks/Python.framework/Versions/3.13/lib/python3.13/site-packages/requests/sessions.py", line 784, in send
    r = adapter.send(request, **kwargs)
  File "/Library/Frameworks/Python.framework/Versions/3.13/lib/python3.13/site-packages/requests/adapters.py", line 717, in send
    raise ConnectTimeout(e, request=request)
requests.exceptions.ConnectTimeout: HTTPConnectionPool(host='api-iams-us.jd.com', port=80): Max retries exceeded with url: /kqAttDailySummaryCheck/findPage?oidc.code=sfaVhaUz2Nne7Cf9E2m3qZRmNZuXzNDjyYs_mgewKMA&oidc.state=hHanIzEfsXpojLsO7VFZkKEC8jiEK0ya0uJCXgff4vI (Caused by ConnectTimeoutError(<HTTPConnection(host='api-iams-us.jd.com', port=80) at 0x126780c20>, 'Connection to api-iams-us.jd.com timed out. (connect timeout=30)'))
Traceback (most recent call last):
  File "/Users/xinyi/Abnormal Attendance Project/refresh.py", line 89, in <module>
    new_df = get_attendance_data(
        start_date=start_date,
        end_date=end_date
    )
  File "/Users/xinyi/Abnormal Attendance Project/Scraping.py", line 138, in get_attendance_data
    r.raise_for_status()
    ~~~~~~~~~~~~~~~~~~^^
  File "/Library/Frameworks/Python.framework/Versions/3.13/lib/python3.13/site-packages/requests/models.py", line 1167, in raise_for_status
    raise HTTPError(http_error_msg, response=self)
requests.exceptions.HTTPError: 401 Client Error:  for url: http://api-iams-us.jd.com/kqAttDailySummaryCheck/findPage?oidc.code=sfaVhaUz2Nne7Cf9E2m3qZRmNZuXzNDjyYs_mgewKMA&oidc.state=hHanIzEfsXpojLsO7VFZkKEC8jiEK0ya0uJCXgff4vI
Traceback (most recent call last):
  File "/Users/xinyi/Abnormal Attendance Project/refresh.py", line 89, in <module>
    new_df = get_attendance_data(
        start_date=start_date,
        end_date=end_date
    )
  File "/Users/xinyi/Abnormal Attendance Project/Scraping.py", line 138, in get_attendance_data
    r.raise_for_status()
    ~~~~~~~~~~~~~~~~~~^^
  File "/Library/Frameworks/Python.framework/Versions/3.13/lib/python3.13/site-packages/requests/models.py", line 1167, in raise_for_status
    raise HTTPError(http_error_msg, response=self)
requests.exceptions.HTTPError: 401 Client Error:  for url: http://api-iams-us.jd.com/kqAttDailySummaryCheck/findPage?oidc.code=sfaVhaUz2Nne7Cf9E2m3qZRmNZuXzNDjyYs_mgewKMA&oidc.state=hHanIzEfsXpojLsO7VFZkKEC8jiEK0ya0uJCXgff4vI
Traceback (most recent call last):
  File "/Users/xinyi/Abnormal Attendance Project/refresh.py", line 89, in <module>
    new_df = get_attendance_data(
        start_date=start_date,
        end_date=end_date
    )
  File "/Users/xinyi/Abnormal Attendance Project/Scraping.py", line 138, in get_attendance_data
    r.raise_for_status()
    ~~~~~~~~~~~~~~~~~~^^
  File "/Library/Frameworks/Python.framework/Versions/3.13/lib/python3.13/site-packages/requests/models.py", line 1167, in raise_for_status
    raise HTTPError(http_error_msg, response=self)
requests.exceptions.HTTPError: 401 Client Error:  for url: http://api-iams-us.jd.com/kqAttDailySummaryCheck/findPage?oidc.code=sfaVhaUz2Nne7Cf9E2m3qZRmNZuXzNDjyYs_mgewKMA&oidc.state=hHanIzEfsXpojLsO7VFZkKEC8jiEK0ya0uJCXgff4vI
Traceback (most recent call last):
  File "/Users/xinyi/Abnormal Attendance Project/refresh.py", line 89, in <module>
    new_df = get_attendance_data(
        start_date=start_date,
        end_date=end_date
    )
  File "/Users/xinyi/Abnormal Attendance Project/Scraping.py", line 138, in get_attendance_data
    r.raise_for_status()
    ~~~~~~~~~~~~~~~~~~^^
  File "/Library/Frameworks/Python.framework/Versions/3.13/lib/python3.13/site-packages/requests/models.py", line 1167, in raise_for_status
    raise HTTPError(http_error_msg, response=self)
requests.exceptions.HTTPError: 401 Client Error:  for url: http://api-iams-us.jd.com/kqAttDailySummaryCheck/findPage?oidc.code=sfaVhaUz2Nne7Cf9E2m3qZRmNZuXzNDjyYs_mgewKMA&oidc.state=hHanIzEfsXpojLsO7VFZkKEC8jiEK0ya0uJCXgff4vI
Traceback (most recent call last):
  File "/Users/xinyi/Abnormal Attendance Project/refresh.py", line 89, in <module>
    new_df = get_attendance_data(
        start_date=start_date,
        end_date=end_date
    )
  File "/Users/xinyi/Abnormal Attendance Project/Scraping.py", line 138, in get_attendance_data
    r.raise_for_status()
    ~~~~~~~~~~~~~~~~~~^^
  File "/Library/Frameworks/Python.framework/Versions/3.13/lib/python3.13/site-packages/requests/models.py", line 1167, in raise_for_status
    raise HTTPError(http_error_msg, response=self)
requests.exceptions.HTTPError: 401 Client Error:  for url: http://api-iams-us.jd.com/kqAttDailySummaryCheck/findPage?oidc.code=sfaVhaUz2Nne7Cf9E2m3qZRmNZuXzNDjyYs_mgewKMA&oidc.state=hHanIzEfsXpojLsO7VFZkKEC8jiEK0ya0uJCXgff4vI
Traceback (most recent call last):
  File "/Users/xinyi/Abnormal Attendance Project/refresh.py", line 89, in <module>
    new_df = get_attendance_data(
        start_date=start_date,
        end_date=end_date
    )
  File "/Users/xinyi/Abnormal Attendance Project/Scraping.py", line 138, in get_attendance_data
    r.raise_for_status()
    ~~~~~~~~~~~~~~~~~~^^
  File "/Library/Frameworks/Python.framework/Versions/3.13/lib/python3.13/site-packages/requests/models.py", line 1167, in raise_for_status
    raise HTTPError(http_error_msg, response=self)
requests.exceptions.HTTPError: 401 Client Error:  for url: http://api-iams-us.jd.com/kqAttDailySummaryCheck/findPage?oidc.code=sfaVhaUz2Nne7Cf9E2m3qZRmNZuXzNDjyYs_mgewKMA&oidc.state=hHanIzEfsXpojLsO7VFZkKEC8jiEK0ya0uJCXgff4vI
Traceback (most recent call last):
  File "/Library/Frameworks/Python.framework/Versions/3.13/lib/python3.13/site-packages/urllib3/connection.py", line 204, in _new_conn
    sock = connection.create_connection(
        (self._dns_host, self.port),
    ...<2 lines>...
        socket_options=self.socket_options,
    )
  File "/Library/Frameworks/Python.framework/Versions/3.13/lib/python3.13/site-packages/urllib3/util/connection.py", line 60, in create_connection
    for res in socket.getaddrinfo(host, port, family, socket.SOCK_STREAM):
               ~~~~~~~~~~~~~~~~~~^^^^^^^^^^^^^^^^^^^^^^^^^^^^^^^^^^^^^^^^
  File "/Library/Frameworks/Python.framework/Versions/3.13/lib/python3.13/socket.py", line 975, in getaddrinfo
    for res in _socket.getaddrinfo(host, port, family, type, proto, flags):
               ~~~~~~~~~~~~~~~~~~~^^^^^^^^^^^^^^^^^^^^^^^^^^^^^^^^^^^^^^^^
socket.gaierror: [Errno 8] nodename nor servname provided, or not known

The above exception was the direct cause of the following exception:

Traceback (most recent call last):
  File "/Library/Frameworks/Python.framework/Versions/3.13/lib/python3.13/site-packages/urllib3/connectionpool.py", line 788, in urlopen
    response = self._make_request(
        conn,
    ...<10 lines>...
        **response_kw,
    )
  File "/Library/Frameworks/Python.framework/Versions/3.13/lib/python3.13/site-packages/urllib3/connectionpool.py", line 493, in _make_request
    conn.request(
    ~~~~~~~~~~~~^
        method,
        ^^^^^^^
    ...<6 lines>...
        enforce_content_length=enforce_content_length,
        ^^^^^^^^^^^^^^^^^^^^^^^^^^^^^^^^^^^^^^^^^^^^^^
    )
    ^
  File "/Library/Frameworks/Python.framework/Versions/3.13/lib/python3.13/site-packages/urllib3/connection.py", line 500, in request
    self.endheaders()
    ~~~~~~~~~~~~~~~^^
  File "/Library/Frameworks/Python.framework/Versions/3.13/lib/python3.13/http/client.py", line 1331, in endheaders
    self._send_output(message_body, encode_chunked=encode_chunked)
    ~~~~~~~~~~~~~~~~~^^^^^^^^^^^^^^^^^^^^^^^^^^^^^^^^^^^^^^^^^^^^^
  File "/Library/Frameworks/Python.framework/Versions/3.13/lib/python3.13/http/client.py", line 1091, in _send_output
    self.send(msg)
    ~~~~~~~~~^^^^^
  File "/Library/Frameworks/Python.framework/Versions/3.13/lib/python3.13/http/client.py", line 1035, in send
    self.connect()
    ~~~~~~~~~~~~^^
  File "/Library/Frameworks/Python.framework/Versions/3.13/lib/python3.13/site-packages/urllib3/connection.py", line 331, in connect
    self.sock = self._new_conn()
                ~~~~~~~~~~~~~~^^
  File "/Library/Frameworks/Python.framework/Versions/3.13/lib/python3.13/site-packages/urllib3/connection.py", line 211, in _new_conn
    raise NameResolutionError(self.host, self, e) from e
urllib3.exceptions.NameResolutionError: HTTPConnection(host='api-iams-us.jd.com', port=80): Failed to resolve 'api-iams-us.jd.com' ([Errno 8] nodename nor servname provided, or not known)

The above exception was the direct cause of the following exception:

Traceback (most recent call last):
  File "/Library/Frameworks/Python.framework/Versions/3.13/lib/python3.13/site-packages/requests/adapters.py", line 696, in send
    resp = conn.urlopen(
        method=request.method,
    ...<9 lines>...
        chunked=chunked,
    )
  File "/Library/Frameworks/Python.framework/Versions/3.13/lib/python3.13/site-packages/urllib3/connectionpool.py", line 842, in urlopen
    retries = retries.increment(
        method, url, error=new_e, _pool=self, _stacktrace=sys.exc_info()[2]
    )
  File "/Library/Frameworks/Python.framework/Versions/3.13/lib/python3.13/site-packages/urllib3/util/retry.py", line 543, in increment
    raise MaxRetryError(_pool, url, reason) from reason  # type: ignore[arg-type]
    ^^^^^^^^^^^^^^^^^^^^^^^^^^^^^^^^^^^^^^^^^^^^^^^^^^^
urllib3.exceptions.MaxRetryError: HTTPConnectionPool(host='api-iams-us.jd.com', port=80): Max retries exceeded with url: /kqAttDailySummaryCheck/findPage?oidc.code=sfaVhaUz2Nne7Cf9E2m3qZRmNZuXzNDjyYs_mgewKMA&oidc.state=hHanIzEfsXpojLsO7VFZkKEC8jiEK0ya0uJCXgff4vI (Caused by NameResolutionError("HTTPConnection(host='api-iams-us.jd.com', port=80): Failed to resolve 'api-iams-us.jd.com' ([Errno 8] nodename nor servname provided, or not known)"))

During handling of the above exception, another exception occurred:

Traceback (most recent call last):
  File "/Users/xinyi/Abnormal Attendance Project/refresh.py", line 35, in <module>
    new_df = get_attendance_data(
        start_date=start_date.strftime("%Y-%m-%d"),
        end_date=end_date.strftime("%Y-%m-%d")
    )
  File "/Users/xinyi/Abnormal Attendance Project/Scraping.py", line 110, in get_attendance_data
    r = requests.post(
        url,
    ...<4 lines>...
        allow_redirects=False
    )
  File "/Library/Frameworks/Python.framework/Versions/3.13/lib/python3.13/site-packages/requests/api.py", line 134, in post
    return request("post", url, data=data, json=json, **kwargs)
  File "/Library/Frameworks/Python.framework/Versions/3.13/lib/python3.13/site-packages/requests/api.py", line 71, in request
    return session.request(method=method, url=url, **kwargs)
           ~~~~~~~~~~~~~~~^^^^^^^^^^^^^^^^^^^^^^^^^^^^^^^^^^
  File "/Library/Frameworks/Python.framework/Versions/3.13/lib/python3.13/site-packages/requests/sessions.py", line 651, in request
    resp = self.send(prep, **send_kwargs)
  File "/Library/Frameworks/Python.framework/Versions/3.13/lib/python3.13/site-packages/requests/sessions.py", line 784, in send
    r = adapter.send(request, **kwargs)
  File "/Library/Frameworks/Python.framework/Versions/3.13/lib/python3.13/site-packages/requests/adapters.py", line 729, in send
    raise ConnectionError(e, request=request)
requests.exceptions.ConnectionError: HTTPConnectionPool(host='api-iams-us.jd.com', port=80): Max retries exceeded with url: /kqAttDailySummaryCheck/findPage?oidc.code=sfaVhaUz2Nne7Cf9E2m3qZRmNZuXzNDjyYs_mgewKMA&oidc.state=hHanIzEfsXpojLsO7VFZkKEC8jiEK0ya0uJCXgff4vI (Caused by NameResolutionError("HTTPConnection(host='api-iams-us.jd.com', port=80): Failed to resolve 'api-iams-us.jd.com' ([Errno 8] nodename nor servname provided, or not known)"))
