Refreshing attendance: 2026-09-14 to 2026-09-15
Total records: 18,470
Total pages: 19
Page 2/19 | 2,000/18,470
Page 3/19 | 3,000/18,470
Page 4/19 | 4,000/18,470
Page 5/19 | 5,000/18,470
Page 6/19 | 6,000/18,470
Page 7/19 | 7,000/18,470
Page 8/19 | 8,000/18,470
Page 9/19 | 9,000/18,470
Page 10/19 | 10,000/18,470
Page 11/19 | 11,000/18,470
Page 12/19 | 12,000/18,470
Page 13/19 | 13,000/18,470
Page 14/19 | 14,000/18,470
Page 15/19 | 15,000/18,470
Page 16/19 | 16,000/18,470
Page 17/19 | 17,000/18,470
Page 18/19 | 18,000/18,470
Page 19/19 | 18,470/18,470
Scraping completed: 18,470 rows
Existing attendance file found.
------------------------------
REFRESH COMPLETE
T-2: 2026-09-14
T-1: 2026-09-15
New rows: 18,470
Total stored rows: 27,677
------------------------------
Refreshing attendance: 2026-09-15 to 2026-09-16
Refreshing attendance: 2026-09-15 to 2026-09-16
Total records: 18,501
Total pages: 19
Page 2/19 | 2,000/18,501
Page 3/19 | 3,000/18,501
Page 4/19 | 4,000/18,501
Page 5/19 | 5,000/18,501
Page 6/19 | 6,000/18,501
Page 7/19 | 7,000/18,501
Page 8/19 | 8,000/18,501
Page 9/19 | 9,000/18,501
Page 10/19 | 10,000/18,501
Page 11/19 | 11,000/18,501
Page 12/19 | 12,000/18,501
Page 13/19 | 13,000/18,501
Page 14/19 | 14,000/18,501
Page 15/19 | 15,000/18,501
Page 16/19 | 16,000/18,501
Page 17/19 | 17,000/18,501
Page 18/19 | 18,000/18,501
Page 19/19 | 18,501/18,501
Scraping completed: 18,501 rows
Existing attendance file found.
------------------------------
REFRESH COMPLETE
T-2: 2026-09-15
T-1: 2026-09-16
New rows: 18,501
Total stored rows: 36,947
------------------------------
Existing attendance file found.
------------------------------
Dates to refresh:
2026-09-04
2026-09-05
2026-09-06
2026-09-07
2026-09-08
2026-09-09
2026-09-10
2026-09-11
2026-09-12
2026-09-16
2026-09-17
------------------------------
Refreshing attendance: 2026-09-04 to 2026-09-17
Total records: 128,530
Total pages: 129
Page 2/129 | 2,000/128,530
Page 3/129 | 3,000/128,530
Page 4/129 | 4,000/128,530
Page 5/129 | 5,000/128,530
Page 6/129 | 6,000/128,530
Page 7/129 | 7,000/128,530
Page 8/129 | 8,000/128,530
Page 9/129 | 9,000/128,530
Page 10/129 | 10,000/128,530
Page 11/129 | 11,000/128,530
Page 12/129 | 12,000/128,530
Page 13/129 | 13,000/128,530
Page 14/129 | 14,000/128,530
Page 15/129 | 15,000/128,530
Page 16/129 | 16,000/128,530
Page 17/129 | 17,000/128,530
Page 18/129 | 18,000/128,530
Page 19/129 | 19,000/128,530
Page 20/129 | 20,000/128,530
Page 21/129 | 21,000/128,530
Page 22/129 | 22,000/128,530
Page 23/129 | 23,000/128,530
Page 24/129 | 24,000/128,530
Page 25/129 | 25,000/128,530
Page 26/129 | 26,000/128,530
Page 27/129 | 27,000/128,530
Page 28/129 | 28,000/128,530
Page 29/129 | 29,000/128,530
Page 30/129 | 30,000/128,530
Page 31/129 | 31,000/128,530
Page 32/129 | 32,000/128,530
Page 33/129 | 33,000/128,530
Page 34/129 | 34,000/128,530
Page 35/129 | 35,000/128,530
Page 36/129 | 36,000/128,530
Page 37/129 | 37,000/128,530
Page 38/129 | 38,000/128,530
Page 39/129 | 39,000/128,530
Page 40/129 | 40,000/128,530
Page 41/129 | 41,000/128,530
Page 42/129 | 42,000/128,530
Page 43/129 | 43,000/128,530
Page 44/129 | 44,000/128,530
Page 45/129 | 45,000/128,530
Page 46/129 | 46,000/128,530
Page 47/129 | 47,000/128,530
Page 48/129 | 48,000/128,530
Page 49/129 | 49,000/128,530
Page 50/129 | 50,000/128,530
Page 51/129 | 51,000/128,530
Page 52/129 | 52,000/128,530
Page 53/129 | 53,000/128,530
Page 54/129 | 54,000/128,530
Page 55/129 | 55,000/128,530
Page 56/129 | 56,000/128,530
Page 57/129 | 57,000/128,530
Page 58/129 | 58,000/128,530
Page 59/129 | 59,000/128,530
Page 60/129 | 60,000/128,530
Page 61/129 | 61,000/128,530
Page 62/129 | 62,000/128,530
Page 63/129 | 63,000/128,530
Page 64/129 | 64,000/128,530
Page 65/129 | 65,000/128,530
Page 66/129 | 66,000/128,530
Page 67/129 | 67,000/128,530
Page 68/129 | 68,000/128,530
Page 69/129 | 69,000/128,530
Page 70/129 | 70,000/128,530
Page 71/129 | 71,000/128,530
Page 72/129 | 72,000/128,530
Page 73/129 | 73,000/128,530
Page 74/129 | 74,000/128,530
Page 75/129 | 75,000/128,530
Page 76/129 | 76,000/128,530
Page 77/129 | 77,000/128,530
Page 78/129 | 78,000/128,530
Page 79/129 | 79,000/128,530
Page 80/129 | 80,000/128,530
Page 81/129 | 81,000/128,530
Page 82/129 | 82,000/128,530
Page 83/129 | 83,000/128,530
Page 84/129 | 84,000/128,530
Page 85/129 | 85,000/128,530
Page 86/129 | 86,000/128,530
Page 87/129 | 87,000/128,530
Page 88/129 | 88,000/128,530
Page 89/129 | 89,000/128,530
Page 90/129 | 90,000/128,530
Page 91/129 | 91,000/128,530
Page 92/129 | 92,000/128,530
Page 93/129 | 93,000/128,530
Page 94/129 | 94,000/128,530
Page 95/129 | 95,000/128,530
Page 96/129 | 96,000/128,530
Page 97/129 | 97,000/128,530
Page 98/129 | 98,000/128,530
Page 99/129 | 99,000/128,530
Page 100/129 | 100,000/128,530
Page 101/129 | 101,000/128,530
Page 102/129 | 102,000/128,530
Page 103/129 | 103,000/128,530
Page 104/129 | 104,000/128,530
Page 105/129 | 105,000/128,530
Page 106/129 | 106,000/128,530
Page 107/129 | 107,000/128,530
Page 108/129 | 108,000/128,530
Page 109/129 | 109,000/128,530
Page 110/129 | 110,000/128,530
Page 111/129 | 111,000/128,530
Page 112/129 | 112,000/128,530
Page 113/129 | 113,000/128,530
Page 114/129 | 114,000/128,530
Page 115/129 | 115,000/128,530
Page 116/129 | 116,000/128,530
Page 117/129 | 117,000/128,530
Page 118/129 | 118,000/128,530
Page 119/129 | 119,000/128,530
Page 120/129 | 120,000/128,530
Page 121/129 | 121,000/128,530
Page 122/129 | 122,000/128,530
Page 123/129 | 123,000/128,530
Page 124/129 | 124,000/128,530
Page 125/129 | 125,000/128,530
Page 126/129 | 126,000/128,530
Page 127/129 | 127,000/128,530
Page 128/129 | 128,000/128,530
Page 129/129 | 128,530/128,530
Scraping completed: 128,530 rows
------------------------------
REFRESH COMPLETE
Start date: 2026-09-04
End date: 2026-09-17
New rows: 128,530
Total stored rows: 153,954
Missing dates repaired: 2026-09-04, 2026-09-05, 2026-09-06, 2026-09-07, 2026-09-08, 2026-09-09, 2026-09-10, 2026-09-11, 2026-09-12, 2026-09-17
------------------------------
Existing attendance file found.
------------------------------
Dates to refresh:
2026-09-17
2026-09-18
------------------------------
Refreshing attendance: 2026-09-17 to 2026-09-18
Total records: 18,309
Total pages: 19
Page 2/19 | 2,000/18,309
Page 3/19 | 3,000/18,309
Page 4/19 | 4,000/18,309
Page 5/19 | 5,000/18,309
Page 6/19 | 6,000/18,309
Page 7/19 | 7,000/18,309
Page 8/19 | 8,000/18,309
Page 9/19 | 9,000/18,309
Page 10/19 | 10,000/18,309
Page 11/19 | 11,000/18,309
Page 12/19 | 12,000/18,309
Page 13/19 | 13,000/18,309
Page 14/19 | 14,000/18,309
Page 15/19 | 15,000/18,309
Page 16/19 | 16,000/18,309
Page 17/19 | 17,000/18,309
Page 18/19 | 18,000/18,309
Page 19/19 | 18,309/18,309
Scraping completed: 18,309 rows
------------------------------
REFRESH COMPLETE
Start date: 2026-09-17
End date: 2026-09-18
New rows: 18,309
Total stored rows: 135,561
Missing dates repaired: 2026-09-18
------------------------------
Existing attendance file found.
------------------------------
Dates to refresh:
2026-09-18
2026-09-19
------------------------------
Refreshing attendance: 2026-09-18 to 2026-09-19
Total records: 18,311
Total pages: 19
Page 2/19 | 2,000/18,311
Page 3/19 | 3,000/18,311
Page 4/19 | 4,000/18,311
Page 5/19 | 5,000/18,311
Page 6/19 | 6,000/18,311
Page 7/19 | 7,000/18,311
Page 8/19 | 8,000/18,311
Page 9/19 | 9,000/18,311
Page 10/19 | 10,000/18,311
Page 11/19 | 11,000/18,311
Page 12/19 | 12,000/18,311
Page 13/19 | 13,000/18,311
Page 14/19 | 14,000/18,311
Page 15/19 | 15,000/18,311
Page 16/19 | 16,000/18,311
Page 17/19 | 17,000/18,311
Page 18/19 | 18,000/18,311
Page 19/19 | 18,311/18,311
Scraping completed: 18,311 rows
------------------------------
REFRESH COMPLETE
Start date: 2026-09-18
End date: 2026-09-19
New rows: 18,311
Total stored rows: 144,835
Missing dates repaired: 2026-09-19
------------------------------
Existing attendance file found.
------------------------------
Dates to refresh:
2026-09-19
2026-09-20
------------------------------
Refreshing attendance: 2026-09-19 to 2026-09-20
Total records: 18,293
Total pages: 19
Page 2/19 | 2,000/18,293
Page 3/19 | 3,000/18,293
Page 4/19 | 4,000/18,293
Page 5/19 | 5,000/18,293
Page 6/19 | 6,000/18,293
Page 7/19 | 7,000/18,293
Page 8/19 | 8,000/18,293
Page 9/19 | 9,000/18,293
Page 10/19 | 10,000/18,293
Page 11/19 | 11,000/18,293
Page 12/19 | 12,000/18,293
Page 13/19 | 13,000/18,293
Page 14/19 | 14,000/18,293
Page 15/19 | 15,000/18,293
Page 16/19 | 16,000/18,293
Page 17/19 | 17,000/18,293
Page 18/19 | 18,000/18,293
Page 19/19 | 18,293/18,293
Scraping completed: 18,293 rows
------------------------------
REFRESH COMPLETE
Start date: 2026-09-19
End date: 2026-09-20
New rows: 18,293
Total stored rows: 154,105
Missing dates repaired: 2026-09-20
------------------------------
Existing attendance file found.
------------------------------
Dates to refresh:
2026-09-20
2026-09-21
------------------------------
Refreshing attendance: 2026-09-20 to 2026-09-21
Existing attendance file found.
------------------------------
Dates to refresh:
2026-09-21
2026-09-22
------------------------------
Refreshing attendance: 2026-09-21 to 2026-09-22
Existing attendance file found.
------------------------------
Dates to refresh:
2026-09-21
2026-09-22
2026-09-23
------------------------------
Refreshing attendance: 2026-09-21 to 2026-09-23
Existing attendance file found.
------------------------------
Dates to refresh:
2026-09-21
2026-09-22
2026-09-23
2026-09-24
------------------------------
Refreshing attendance: 2026-09-21 to 2026-09-24
Existing attendance file found.
------------------------------
Dates to refresh:
2026-09-21
2026-09-22
2026-09-23
2026-09-24
2026-09-25
------------------------------
Refreshing attendance: 2026-09-21 to 2026-09-25
Existing attendance file found.
------------------------------
Dates to refresh:
2026-09-21
2026-09-22
2026-09-23
2026-09-24
2026-09-25
2026-09-26
------------------------------
Refreshing attendance: 2026-09-21 to 2026-09-26
Existing attendance file found.
------------------------------
Dates to refresh:
2026-09-21
2026-09-22
2026-09-23
2026-09-24
2026-09-25
2026-09-26
2026-09-27
------------------------------
Refreshing attendance: 2026-09-21 to 2026-09-27
Refreshing: 2026-09-22 → 2026-09-28
Total records: 65,069
Total pages: 66
Page 2/66 | 2,000/65,069
Page 3/66 | 3,000/65,069
Page 4/66 | 4,000/65,069
Page 5/66 | 5,000/65,069
Page 6/66 | 6,000/65,069
Page 7/66 | 7,000/65,069
Page 8/66 | 8,000/65,069
Page 9/66 | 9,000/65,069
Page 10/66 | 10,000/65,069
Page 11/66 | 11,000/65,069
Page 12/66 | 12,000/65,069
Page 13/66 | 13,000/65,069
Page 14/66 | 14,000/65,069
Page 15/66 | 15,000/65,069
Page 16/66 | 16,000/65,069
Page 17/66 | 17,000/65,069
Page 18/66 | 18,000/65,069
Page 19/66 | 19,000/65,069
Page 20/66 | 20,000/65,069
Page 21/66 | 21,000/65,069
Page 22/66 | 22,000/65,069
Page 23/66 | 23,000/65,069
Page 24/66 | 24,000/65,069
Page 25/66 | 25,000/65,069
Page 26/66 | 26,000/65,069
Page 27/66 | 27,000/65,069
Page 28/66 | 28,000/65,069
Page 29/66 | 29,000/65,069
Page 30/66 | 30,000/65,069
Page 31/66 | 31,000/65,069
Page 32/66 | 32,000/65,069
Page 33/66 | 33,000/65,069
Page 34/66 | 34,000/65,069
Page 35/66 | 35,000/65,069
Page 36/66 | 36,000/65,069
Page 37/66 | 37,000/65,069
Page 38/66 | 38,000/65,069
Page 39/66 | 39,000/65,069
Page 40/66 | 40,000/65,069
Page 41/66 | 41,000/65,069
Page 42/66 | 42,000/65,069
Page 43/66 | 43,000/65,069
Page 44/66 | 44,000/65,069
Page 45/66 | 45,000/65,069
Page 46/66 | 46,000/65,069
Page 47/66 | 47,000/65,069
Page 48/66 | 48,000/65,069
Page 49/66 | 49,000/65,069
Page 50/66 | 50,000/65,069
Page 51/66 | 51,000/65,069
Page 52/66 | 52,000/65,069
Page 53/66 | 53,000/65,069
Page 54/66 | 54,000/65,069
Page 55/66 | 55,000/65,069
Page 56/66 | 56,000/65,069
Page 57/66 | 57,000/65,069
Page 58/66 | 58,000/65,069
Page 59/66 | 59,000/65,069
Page 60/66 | 60,000/65,069
Page 61/66 | 61,000/65,069
Page 62/66 | 62,000/65,069
Page 63/66 | 63,000/65,069
Page 64/66 | 64,000/65,069
Page 65/66 | 65,000/65,069
Page 66/66 | 65,069/65,069
Scraping completed: 65,069 rows
New rows: 65069
New data range: 2026-09-22 00:00:00 → 2026-09-28 00:00:00
No existing Excel. Creating a new one.
Verified temp rows: 65069

REFRESH COMPLETE
Refreshed: 2026-09-22 → 2026-09-28
Fresh rows: 65069
Total rows: 65069
Saved to: /Users/xinyi/Abnormal Attendance Project/data/AMS_Attendance_Data.xlsx
Refreshing: 2026-09-23 → 2026-09-29
Refreshing: 2026-09-24 → 2026-09-30
Scraping attempt 1/3...
Total records: 65,448
Total pages: 66
Page 2/66 | 2,000/65,448
Page 3/66 | 3,000/65,448
Page 4/66 | 4,000/65,448
Page 5/66 | 5,000/65,448
Page 6/66 | 6,000/65,448
Page 7/66 | 7,000/65,448
Page 8/66 | 8,000/65,448
Page 9/66 | 9,000/65,448
Page 10/66 | 10,000/65,448
Page 11/66 | 11,000/65,448
Page 12/66 | 12,000/65,448
Page 13/66 | 13,000/65,448
Page 14/66 | 14,000/65,448
Page 15/66 | 15,000/65,448
Page 16/66 | 16,000/65,448
Page 17/66 | 17,000/65,448
Page 18/66 | 18,000/65,448
Page 19/66 | 19,000/65,448
Page 20/66 | 20,000/65,448
Page 21/66 | 21,000/65,448
Page 22/66 | 22,000/65,448
Page 23/66 | 23,000/65,448
Page 24/66 | 24,000/65,448
Page 25/66 | 25,000/65,448
Page 26/66 | 26,000/65,448
Page 27/66 | 27,000/65,448
Page 28/66 | 28,000/65,448
Page 29/66 | 29,000/65,448
Page 30/66 | 30,000/65,448
Page 31/66 | 31,000/65,448
Page 32/66 | 32,000/65,448
Page 33/66 | 33,000/65,448
Page 34/66 | 34,000/65,448
Page 35/66 | 35,000/65,448
Page 36/66 | 36,000/65,448
Page 37/66 | 37,000/65,448
Page 38/66 | 38,000/65,448
Page 39/66 | 39,000/65,448
Page 40/66 | 40,000/65,448
Page 41/66 | 41,000/65,448
Page 42/66 | 42,000/65,448
Page 43/66 | 43,000/65,448
Page 44/66 | 44,000/65,448
Page 45/66 | 45,000/65,448
Page 46/66 | 46,000/65,448
Page 47/66 | 47,000/65,448
Page 48/66 | 48,000/65,448
Page 49/66 | 49,000/65,448
Page 50/66 | 50,000/65,448
Page 51/66 | 51,000/65,448
Page 52/66 | 52,000/65,448
Page 53/66 | 53,000/65,448
Page 54/66 | 54,000/65,448
Page 55/66 | 55,000/65,448
Page 56/66 | 56,000/65,448
Page 57/66 | 57,000/65,448
Page 58/66 | 58,000/65,448
Page 59/66 | 59,000/65,448
Page 60/66 | 60,000/65,448
Page 61/66 | 61,000/65,448
Page 62/66 | 62,000/65,448
Page 63/66 | 63,000/65,448
Page 64/66 | 64,000/65,448
Page 65/66 | 65,000/65,448
Page 66/66 | 65,448/65,448
Scraping completed: 65,448 rows
New rows: 65448
New data range: 2026-09-24 00:00:00 → 2026-09-30 00:00:00
Existing rows: 74529
Verified temp rows: 84079

REFRESH COMPLETE
Refreshed: 2026-09-24 → 2026-09-30
Fresh rows: 65448
Total rows: 84079
Saved to: /Users/xinyi/Abnormal Attendance Project/data/AMS_Attendance_Data.xlsx
